// Jest Snapshot v1, https://goo.gl/fbAQLP

exports[`addInter transformation 1`] = `
"import {Document, Html, DocumentHead, Main, BlitzScript /*DocumentContext*/} from \\"@blitzjs/core\\"

class MyDocument extends Document {
  // Only uncomment if you need to customize this behaviour
  // static async getInitialProps(ctx: DocumentContext) {
  //   const initialProps = await Document.getInitialProps(ctx)
  //   return {...initialProps}
  // }

  render() {
    return (
      <Html lang=\\"en\\">
        <DocumentHead>
          <link rel=\\"stylesheet\\" href=\\"https://rsms.me/inter/inter.css\\" />
        </DocumentHead>
        <body>
          <Main />
          <BlitzScript />
        </body>
      </Html>
    );
  }
}

export default MyDocument"
`;
